INT
ID(main)
LPAREN
RPAREN
LBRACE
IF
LPAREN
ID(x)
GT
NUMBER(10)
RPAREN
LBRACE
RETURN
NUMBER(0)
SEMICOLON
RBRACE
RBRACE
EOF