INT
ID(main)
LPAREN
RPAREN
LBRACE
RETURN
NUMBER(1)
SEMICOLON
RBRACE
EOF