INT
ID(var1)
ASSIGN
NUMBER(1)
SEMICOLON
INT
ID(_var2)
ASSIGN
NUMBER(2)
SEMICOLON
INT
ID(v3ar_)
ASSIGN
NUMBER(3)
SEMICOLON
RETURN
NUMBER(123)
ID(var)
SEMICOLON
EOF