PLUS
MINUS
TIMES
DIVIDE
MOD
ASSIGN
EQ
NEQ
LT
LE
GT
GE
AND
OR
NOT
LPAREN
RPAREN
LBRACE
RBRACE
COMMA
SEMICOLON
EOF