INT
ID(process_data_1)
LPAREN
INT
ID(input_val)
RPAREN
LBRACE
IF
LPAREN
ID(input_val)
GE
NUMBER(100)
AND
ID(input_val)
NEQ
NUMBER(200)
RPAREN
LBRACE
RETURN
LPAREN
ID(input_val)
MOD
NUMBER(10)
RPAREN
TIMES
MINUS
NUMBER(1)
SEMICOLON
RBRACE
ELSE
LBRACE
RETURN
NUMBER(0)
SEMICOLON
RBRACE
RBRACE
EOF