[FuncDef(name=main, params=[], body=Block([Return(Some(Int(42)))]))]